[INFO] Scanning for projects...
[INFO] 
[INFO] -------------------------< com.junhao:gateway >-------------------------
[INFO] Building gateway 0.0.1-SNAPSHOT
[INFO]   from pom.xml
[INFO] --------------------------------[ jar ]---------------------------------
[INFO] 
[INFO] >>> spring-boot:3.5.5:run (default-cli) > test-compile @ gateway >>>
[INFO] 
[INFO] --- resources:3.3.1:resources (default-resources) @ gateway ---
[INFO] Copying 1 resource from src\main\resources to target\classes
[INFO] Copying 1 resource from src\main\resources to target\classes
[INFO] 
[INFO] --- compiler:3.14.0:compile (default-compile) @ gateway ---
[INFO] Nothing to compile - all classes are up to date.
[INFO] 
[INFO] --- resources:3.3.1:testResources (default-testResources) @ gateway ---
[INFO] skip non existing resourceDirectory d:\Project\train\gateway\src\test\resources
[INFO] 
[INFO] --- compiler:3.14.0:testCompile (default-testCompile) @ gateway ---
[INFO] Nothing to compile - all classes are up to date.
[INFO] 
[INFO] <<< spring-boot:3.5.5:run (default-cli) < test-compile @ gateway <<<
[INFO] 
[INFO] 
[INFO] --- spring-boot:3.5.5:run (default-cli) @ gateway ---
[INFO] Attaching agents: []

  .   ____          _            __ _ _
 /\\ / ___'_ __ _ _(_)_ __  __ _ \ \ \ \
( ( )\___ | '_ | '_| | '_ \/ _` | \ \ \ \
 \\/  ___)| |_)| | | | | || (_| |  ) ) ) )
  '  |____| .__|_| |_|_| |_\__, | / / / /
 =========|_|==============|___/=/_/_/_/

 :: Spring Boot ::                (v3.5.5)

07:00.484 [34mINFO [0;39m [34mo.h.v.internal.util.Version   :21  [0;39m background-preinit [32m                  [0;39m HV000001: Hibernate Validator 8.0.3.Final
07:00.513 [34mINFO [0;39m [34mc.j.g.c.GatewayApplication    :53  [0;39m main [32m                  [0;39m Starting GatewayApplication using Java 17.0.18 with PID 32040 (D:\Project\train\gateway\target\classes started by 21104 in d:\Project\train\gateway)
07:00.514 [34mINFO [0;39m [34mc.j.g.c.GatewayApplication    :652 [0;39m main [32m                  [0;39m No active profile set, falling back to 1 default profile: "default"
07:00.949 [34mINFO [0;39m [34mo.s.c.c.scope.GenericScope    :280 [0;39m main [32m                  [0;39m BeanFactory id=e1da4afe-27ce-3d3a-99ee-edd708e4a6b6
07:01.177 [31mWARN [0;39m [34mo.s.c.g.c.GatewayClassPathWarningAutoConfiguration:67  [0;39m main [32m                  [0;39m 

**********************************************************

The artifact spring-cloud-gateway-server is deprecated. It will be removed in the next major release. Please add spring-cloud-gateway-server-webflux dependency.

**********************************************************


07:01.468 [34mINFO [0;39m [34mo.s.c.g.r.RouteDefinitionRouteLocator:89  [0;39m main [32m                  [0;39m Loaded RoutePredicateFactory [After]
07:01.468 [34mINFO [0;39m [34mo.s.c.g.r.RouteDefinitionRouteLocator:89  [0;39m main [32m                  [0;39m Loaded RoutePredicateFactory [Before]
07:01.468 [34mINFO [0;39m [34mo.s.c.g.r.RouteDefinitionRouteLocator:89  [0;39m main [32m                  [0;39m Loaded RoutePredicateFactory [Between]
07:01.468 [34mINFO [0;39m [34mo.s.c.g.r.RouteDefinitionRouteLocator:89  [0;39m main [32m                  [0;39m Loaded RoutePredicateFactory [Cookie]
07:01.468 [34mINFO [0;39m [34mo.s.c.g.r.RouteDefinitionRouteLocator:89  [0;39m main [32m                  [0;39m Loaded RoutePredicateFactory [Header]
07:01.469 [34mINFO [0;39m [34mo.s.c.g.r.RouteDefinitionRouteLocator:89  [0;39m main [32m                  [0;39m Loaded RoutePredicateFactory [Host]
07:01.469 [34mINFO [0;39m [34mo.s.c.g.r.RouteDefinitionRouteLocator:89  [0;39m main [32m                  [0;39m Loaded RoutePredicateFactory [Method]
07:01.469 [34mINFO [0;39m [34mo.s.c.g.r.RouteDefinitionRouteLocator:89  [0;39m main [32m                  [0;39m Loaded RoutePredicateFactory [Path]
07:01.469 [34mINFO [0;39m [34mo.s.c.g.r.RouteDefinitionRouteLocator:89  [0;39m main [32m                  [0;39m Loaded RoutePredicateFactory [Query]
07:01.469 [34mINFO [0;39m [34mo.s.c.g.r.RouteDefinitionRouteLocator:89  [0;39m main [32m                  [0;39m Loaded RoutePredicateFactory [ReadBody]
07:01.470 [34mINFO [0;39m [34mo.s.c.g.r.RouteDefinitionRouteLocator:89  [0;39m main [32m                  [0;39m Loaded RoutePredicateFactory [RemoteAddr]
07:01.470 [34mINFO [0;39m [34mo.s.c.g.r.RouteDefinitionRouteLocator:89  [0;39m main [32m                  [0;39m Loaded RoutePredicateFactory [XForwardedRemoteAddr]
07:01.470 [34mINFO [0;39m [34mo.s.c.g.r.RouteDefinitionRouteLocator:89  [0;39m main [32m                  [0;39m Loaded RoutePredicateFactory [Weight]
07:01.470 [34mINFO [0;39m [34mo.s.c.g.r.RouteDefinitionRouteLocator:89  [0;39m main [32m                  [0;39m Loaded RoutePredicateFactory [CloudFoundryRouteService]
07:01.646 [31mWARN [0;39m [34mo.s.c.g.s.w.s.StarterDeprecatedAutoConfiguration:35  [0;39m main [32m                  [0;39m 

**********************************************************

spring-cloud-starter-gateway is deprecated. It will be removed in the next major release. Please use spring-cloud-starter-gateway-server-webflux instead.

**********************************************************


07:03.802 [31mWARN [0;39m [34mo.s.b.w.r.c.AnnotationConfigReactiveWebServerApplicationContext:635 [0;39m main [32m                  [0;39m Exception encountered during context initialization - cancelling refresh attempt: org.springframework.context.ApplicationContextException: Failed to start bean 'webServerStartStop'
07:03.807 [34mINFO [0;39m [34mo.s.b.a.l.ConditionEvaluationReportLogger:82  [0;39m main [32m                  [0;39m 

Error starting ApplicationContext. To display the condition evaluation report re-run your application with 'debug' enabled.
07:03.814 [1;31mERROR[0;39m [34mo.s.b.d.LoggingFailureAnalysisReporter:40  [0;39m main [32m                  [0;39m 

***************************
APPLICATION FAILED TO START
***************************

Description:

Web server failed to start. Port 8000 was already in use.

Action:

Identify and stop the process that's listening on port 8000 or configure this application to listen on another port.

[INFO] ------------------------------------------------------------------------
[INFO] BUILD FAILURE
[INFO] ------------------------------------------------------------------------
[INFO] Total time:  5.847 s
[INFO] Finished at: 2026-08-03T17:07:03+08:00
[INFO] ------------------------------------------------------------------------
[ERROR] Failed to execute goal org.springframework.boot:spring-boot-maven-plugin:3.5.5:run (default-cli) on project gateway: Process terminated with exit code: 1 -> [Help 1]
[ERROR] 
[ERROR] To see the full stack trace of the errors, re-run Maven with the -e switch.
[ERROR] Re-run Maven using the -X switch to enable full debug logging.
[ERROR] 
[ERROR] For more information about the errors and possible solutions, please read the following articles:
[ERROR] [Help 1] http://cwiki.apache.org/confluence/display/MAVEN/MojoExecutionException

d:\Project\train\gateway>