[INFO] Scanning for projects...
[INFO] ------------------------------------------------------------------------
[INFO] Reactor Build Order:
[INFO] 
[INFO] train                                                              [pom]
[INFO] common                                                             [jar]
[INFO] gateway                                                            [jar]
[INFO] 
[INFO] --------------------------< com.junhao:train >--------------------------
[INFO] Building train 0.0.1-SNAPSHOT                                      [1/3]
[INFO]   from pom.xml
[INFO] --------------------------------[ pom ]---------------------------------
[INFO] 
[INFO] -------------------------< com.junhao:common >--------------------------
[INFO] Building common 0.0.1-SNAPSHOT                                     [2/3]
[INFO]   from common\pom.xml
[INFO] --------------------------------[ jar ]---------------------------------
[INFO] 
[INFO] --- resources:3.5.0:resources (default-resources) @ common ---
[INFO] Copying 1 resource from src\main\resources to target\classes
[INFO] Copying 0 resource from src\main\resources to target\classes
[INFO] 
[INFO] --- compiler:3.15.0:compile (default-compile) @ common ---
[INFO] Recompiling the module because of changed source code.
[INFO] Compiling 13 source files with javac [debug parameters release 17] to target\classes
[INFO] 
[INFO] -------------------------< com.junhao:gateway >-------------------------
[INFO] Building gateway 0.0.1-SNAPSHOT                                    [3/3]
[INFO]   from gateway\pom.xml
[INFO] --------------------------------[ jar ]---------------------------------
[INFO] 
[INFO] --- resources:3.3.1:resources (default-resources) @ gateway ---
[INFO] Copying 1 resource from src\main\resources to target\classes
[INFO] Copying 1 resource from src\main\resources to target\classes
[INFO] 
[INFO] --- compiler:3.14.0:compile (default-compile) @ gateway ---
[INFO] Recompiling the module because of changed source code.
[INFO] Compiling 4 source files with javac [debug parameters release 17] to target\classes
[INFO] ------------------------------------------------------------------------
[INFO] Reactor Summary for train 0.0.1-SNAPSHOT:
[INFO] 
[INFO] train .............................................. SUCCESS [  0.003 s]
[INFO] common ............................................. SUCCESS [ 12.284 s]
[INFO] gateway ............................................ SUCCESS [  5.453 s]
[INFO] ------------------------------------------------------------------------
[INFO] BUILD SUCCESS
[INFO] ------------------------------------------------------------------------
[INFO] Total time:  18.581 s
[INFO] Finished at: 2026-08-14T17:13:04+08:00
[INFO] ------------------------------------------------------------------------
